// Jest Snapshot v1, https://goo.gl/fbAQLP

exports[`matches snapshot 1`] = `
<form
  className="mt-3 mb-3"
  onSubmit={[Function]}
>
  <div
    className="input-group md-form form-sm form-2 pl-0"
  >
    <label
      htmlFor="searchTerm"
    />
    <input
      className="form-control my-0 py-1"
      id="searchTerm"
      name="searchTerm"
      onChange={[Function]}
      placeholder="Search"
      value=""
    />
    <button
      className="input-group-text lighten-3"
    >
      <i
        class="fa fa-search"
      />
    </button>
  </div>
</form>
`;
